[backblue.gif]
[fade.gif]
[index.html]
[ruparelariana.com/images/fav.webp]
[ruparel.in/images/logonew.png]
[ruparelariana.com/images/ariana_desktop.jpg]
[ruparelariana.com/images/ariana_mob.jpg]
[ruparelariana.com/icons/pool_table.png]
[ruparelariana.com/icons/table_tennis.png]
[ruparelariana.com/icons/jacuzzi.png]
[ruparelariana.com/icons/mini_theatre.png]
[ruparelariana.com/icons/swimming_pool.png]
[ruparelariana.com/icons/jogging_area.png]
[ruparelariana.com/icons/lift_lobby.png]
[ruparelariana.com/icons/guest_room.png]
[ruparelariana.com/icons/play_area.png]
[ruparelariana.com/icons/cafetaria.png]
[ruparelariana.com/icons/meditation_center.png]
[ruparelariana.com/icons/fitness_area.png]
[ruparelariana.com/icons/banquet_hall.png]
[ruparelariana.com/icons/waiting_lounge.png]
[ruparel.in/images/ariana/amenities/amenities(1).jpeg]
[ruparel.in/images/ariana/amenities/amenities2.jpeg]
[ruparel.in/images/ariana/amenities/amenities3.jpeg]
[ruparel.in/images/ariana/amenities/amenities4.jpeg]
[ruparel.in/images/ariana/amenities/amenities5.jpeg]
[ruparel.in/images/ariana/amenities/amenities6.jpeg]
[ruparel.in/images/ariana/amenities/amenities7.jpeg]
[ruparel.in/images/ariana/showflat/LivingAriana1.jpg]
[ruparel.in/images/ariana/showflat/LivingAriana2.jpg]
[ruparel.in/images/ariana/showflat/Bedroom.jpg]
[ruparel.in/images/ariana/showflat/Bedroom2.jpg]
[ruparel.in/images/ariana/showflat/Bedroom3.jpg]
[ruparel.in/images/ariana/showflat/Bathroom.jpg]
[ruparel.in/images/ariana/construction/Vertical2.jpg]
[ruparel.in/images/ariana/construction/Vertical3.jpg]
[ruparel.in/images/ariana/construction/Vertical4.jpg]
[ruparel.in/images/ariana/construction/Horizontal2.jpg]
[ruparel.in/images/ariana/construction/6.jpeg]
[ruparel.in/images/ariana/construction/1.jpeg]
[ruparel.in/images/ariana/construction/2.jpeg]
[ruparel.in/images/ariana/Ruparel-ariana-qr.PNG]
[ruparel.in/images/Ruparel-logo-white.png]
[ruparelariana.com/index.html]
[ruparelariana.com/images/logo.html]
[ruparelariana.com/images/amenities-pattern.png]
[ruparelariana.com/css/style.css]
[ruparelariana.com/privacypolicy.html]
[ruparelariana.com/termsandconditions.html]
[ruparelariana.com/js/main.js]
[www.googletagmanager.com/gtm5445.html]
